// Jest Snapshot v1, https://goo.gl/fbAQLP

exports[`should render 1`] = `
<div
  className="calc"
>
  <input
    id="answer"
    placeholder="0"
    readOnly={true}
    type="text"
    value="0"
  />
  <input
    className="button  "
    onClick={[Function]}
    type="button"
    value="AC"
  />
  <input
    className="button  "
    onClick={[Function]}
    type="button"
    value="+/-"
  />
  <input
    className="button  "
    onClick={[Function]}
    type="button"
    value="%"
  />
  <input
    className="button  orange"
    onClick={[Function]}
    type="button"
    value="รท"
  />
  <input
    className="button  "
    onClick={[Function]}
    type="button"
    value="9"
  />
  <input
    className="button  "
    onClick={[Function]}
    type="button"
    value="8"
  />
  <input
    className="button  "
    onClick={[Function]}
    type="button"
    value="7"
  />
  <input
    className="button  orange"
    onClick={[Function]}
    type="button"
    value="x"
  />
  <input
    className="button  "
    onClick={[Function]}
    type="button"
    value="6"
  />
  <input
    className="button  "
    onClick={[Function]}
    type="button"
    value="5"
  />
  <input
    className="button  "
    onClick={[Function]}
    type="button"
    value="4"
  />
  <input
    className="button  orange"
    onClick={[Function]}
    type="button"
    value="-"
  />
  <input
    className="button  "
    onClick={[Function]}
    type="button"
    value="3"
  />
  <input
    className="button  "
    onClick={[Function]}
    type="button"
    value="2"
  />
  <input
    className="button  "
    onClick={[Function]}
    type="button"
    value="1"
  />
  <input
    className="button  orange"
    onClick={[Function]}
    type="button"
    value="+"
  />
  <input
    className="button double "
    onClick={[Function]}
    type="button"
    value="0"
  />
  <input
    className="button  "
    onClick={[Function]}
    type="button"
    value="."
  />
  <input
    className="button  orange"
    onClick={[Function]}
    type="button"
    value="="
  />
</div>
`;
