// Jest Snapshot v1, https://goo.gl/fbAQLP

exports[`should render 1`] = `
<div>
  <h2>
    Welcome to the Home Page
  </h2>
  <p>
    This is the home page of our website.
  </p>
</div>
`;
